// Jest Snapshot v1, https://goo.gl/fbAQLP

exports[`renders mainPage 1`] = `ShallowWrapper {}`;
